// Jest Snapshot v1, https://goo.gl/fbAQLP

exports[`<NavigationItem /> Should match snapshot 1`] = `<styled.li />`;
