// Jest Snapshot v1, https://goo.gl/fbAQLP

exports[`<Logo /> Should match snapshot 1`] = `
<styled.img
  alt="Logo"
  src="Logo.png"
/>
`;
