// Jest Snapshot v1, https://goo.gl/fbAQLP

exports[`<Background /> Should match snapshot 1`] = `
<img
  alt=""
  src="background.jpg"
  style={
    Object {
      "width": "100%",
    }
  }
/>
`;
